// Jest Snapshot v1, https://goo.gl/fbAQLP

exports[`Footer component renders Footer 1`] = `
<footer>
  <p>
    Â©2019 Dylan & Phil
  </p>
</footer>
`;
