// Jest Snapshot v1, https://goo.gl/fbAQLP

exports[`Results component renders Results 1`] = `
<Fragment>
  <h1>
    RESULTS
  </h1>
  <pre />
</Fragment>
`;
